CREATE TABLE ids (
  id real
);
INSERT INTO ids VALUES (1.1);
INSERT INTO ids VALUES (2.1);
INSERT INTO ids VALUES (3.1);
CREATE INDEX grnindex ON ids USING pgroonga (id pgroonga_float4_ops);
SET pgroonga.enable_custom_scan = on;
EXPLAIN (COSTS OFF)
SELECT id
  FROM ids
 WHERE id = (2.1::real);
            QUERY PLAN             
-----------------------------------
 Custom Scan (PGroongaScan) on ids
   Filter: (id = '2.1'::real)
(2 rows)

SELECT id
  FROM ids
 WHERE id = (2.1::real);
 id  
-----
 2.1
(1 row)

DROP TABLE ids;
