CREATE TABLE memos (
  contents text[]
);
INSERT INTO memos
     VALUES (ARRAY['PostgreSQL is a RDBMS',
                   'Groonga is fast full text search engine',
                   'PGroonga is a PostgreSQL extension that uses Groonga']);
INSERT INTO memos
     VALUES (ARRAY['MySQL is a RDBMS',
                   'Mroonga is a MySQL storage engine that uses Groonga']);
CREATE INDEX pgrn_contents_index
    ON memos
 USING pgroonga (contents pgroonga_text_array_regexp_ops_v2);
SET enable_seqscan = off;
SET enable_indexscan = off;
SET enable_bitmapscan = on;
EXPLAIN (COSTS OFF)
SELECT *
  FROM memos
 WHERE contents &~ pgroonga_condition('engine\z',
                                      index_name => 'pgrn_contents_index');
                                           QUERY PLAN                                           
------------------------------------------------------------------------------------------------
 Bitmap Heap Scan on memos
   Recheck Cond: (contents &~ '("engine\\z",,,,pgrn_contents_index,,)'::pgroonga_condition)
   ->  Bitmap Index Scan on pgrn_contents_index
         Index Cond: (contents &~ '("engine\\z",,,,pgrn_contents_index,,)'::pgroonga_condition)
(4 rows)

SELECT *
  FROM memos
 WHERE contents &~ pgroonga_condition('engine\z',
                                      index_name => 'pgrn_contents_index');
                                                          contents                                                          
----------------------------------------------------------------------------------------------------------------------------
 {"PostgreSQL is a RDBMS","Groonga is fast full text search engine","PGroonga is a PostgreSQL extension that uses Groonga"}
(1 row)

DROP TABLE memos;
