CREATE TABLE memos (
  content text
);
INSERT INTO memos VALUES ('PostgreSQL is a RDBMS');
INSERT INTO memos VALUES ('RDBMS is abbreviation of Relational Database Management System');
INSERT INTO memos VALUES ('Groonga is fast full text search engine');
INSERT INTO memos VALUES ('PGroonga is a PostgreSQL extension that uses Groonga');
SET enable_seqscan = on;
SET enable_indexscan = off;
SET enable_bitmapscan = off;
EXPLAIN (COSTS OFF)
SELECT *
  FROM memos
 WHERE content &~| ARRAY['', 'rdbms\z', '\Agroonga'];
                           QUERY PLAN                           
----------------------------------------------------------------
 Seq Scan on memos
   Filter: (content &~| '{"","rdbms\\z","\\Agroonga"}'::text[])
(2 rows)

SELECT *
  FROM memos
 WHERE content &~| ARRAY['', 'rdbms\z', '\Agroonga'];
                 content                 
-----------------------------------------
 PostgreSQL is a RDBMS
 Groonga is fast full text search engine
(2 rows)

DROP TABLE memos;
