CREATE TABLE memos (
  content text
);
INSERT INTO memos VALUES ('PostgreSQL is a RDBMS');
SET enable_seqscan = on;
SET enable_indexscan = off;
SET enable_bitmapscan = off;
EXPLAIN (COSTS OFF)
SELECT *
  FROM memos
 WHERE content &~| NULL;
        QUERY PLAN        
--------------------------
 Result
   One-Time Filter: false
(2 rows)

SELECT *
  FROM memos
 WHERE content &~| NULL;
 content 
---------
(0 rows)

DROP TABLE memos;
