CREATE TABLE tags (
  id int,
  name text
);
INSERT INTO tags VALUES (1, 'PostgreSQL');
INSERT INTO tags VALUES (2, 'Groonga');
INSERT INTO tags VALUES (3, 'groonga');
INSERT INTO tags VALUES (4, 'PGroonga');
CREATE INDEX pgrn_index ON tags
  USING pgroonga (name pgroonga_text_term_search_ops_v2);
SET enable_seqscan = off;
SET enable_indexscan = on;
SET enable_bitmapscan = off;
EXPLAIN (COSTS OFF)
SELECT name
  FROM tags
 WHERE name = 'groonga' OR name = 'pgroonga'
 ORDER BY id;
                               QUERY PLAN                                
-------------------------------------------------------------------------
 Sort
   Sort Key: id
   ->  Seq Scan on tags
         Filter: ((name = 'groonga'::text) OR (name = 'pgroonga'::text))
(4 rows)

SELECT name
  FROM tags
 WHERE name = 'groonga' OR name = 'pgroonga'
 ORDER BY id;
  name   
---------
 groonga
(1 row)

DROP TABLE tags;
