CREATE TABLE synonym_groups (
  synonyms text[]
);
INSERT INTO synonym_groups VALUES (ARRAY['Groonga', 'Senna']);
SELECT pgroonga_query_expand('synonym_groups_synonyms_index',
                             'synonyms',
                             'synonyms',
                             'groonga');
ERROR:  pgroonga: query_expand: invalid table name in the first argument: <synonym_groups_synonyms_index>

DROP TABLE synonym_groups;
