CREATE TABLE memos (
  content text
);
CREATE TABLE tags (
  name text
);
CREATE INDEX pgrn_memos_index ON memos USING PGroonga (content);
CREATE INDEX pgrn_tags_index ON tags USING PGroonga (name);
SELECT * FROM pgroonga_list_broken_indexes();
 pgroonga_list_broken_indexes 
------------------------------
 pgrn_memos_index
 pgrn_tags_index
(2 rows)

DROP TABLE memos;
DROP TABLE tags;
