CREATE TABLE ids (
  id real
);
INSERT INTO ids VALUES (1.1);
INSERT INTO ids VALUES (2.1);
INSERT INTO ids VALUES (3.1);
CREATE INDEX grnindex ON ids USING pgroonga (id pgroonga_float4_ops);
SET enable_seqscan = on;
SET enable_indexscan = off;
SET enable_bitmapscan = off;
EXPLAIN (COSTS OFF)
SELECT id
  FROM ids
 WHERE id >= (2.1::real);
          QUERY PLAN           
-------------------------------
 Seq Scan on ids
   Filter: (id >= '2.1'::real)
(2 rows)

SELECT id
  FROM ids
 WHERE id >= (2.1::real);
 id  
-----
 2.1
 3.1
(2 rows)

DROP TABLE ids;
