CREATE TABLE memos (
  content text
);
INSERT INTO memos VALUES ('PostgreSQL is a RDBMS');
INSERT INTO memos VALUES ('Groonga is fast full text search engine');
INSERT INTO memos VALUES ('PGroonga is a PostgreSQL extension that uses Groonga');
CREATE INDEX pgrn_content_index ON memos
  USING pgroonga (content pgroonga_text_regexp_ops_v2);
SET enable_seqscan = off;
SET enable_indexscan = off;
SET enable_bitmapscan = on;
EXPLAIN (COSTS OFF)
SELECT *
  FROM memos
 WHERE content &~| ARRAY['', 'rdbms\z'];
                         QUERY PLAN                          
-------------------------------------------------------------
 Bitmap Heap Scan on memos
   Recheck Cond: (content &~| '{"","rdbms\\z"}'::text[])
   ->  Bitmap Index Scan on pgrn_content_index
         Index Cond: (content &~| '{"","rdbms\\z"}'::text[])
(4 rows)

SELECT *
  FROM memos
 WHERE content &~| ARRAY['', 'rdbms\z'];
        content        
-----------------------
 PostgreSQL is a RDBMS
(1 row)

DROP TABLE memos;
