CREATE TABLE tags (
  id int,
  name text
);
INSERT INTO tags VALUES (1, 'PostgreSQL');
INSERT INTO tags VALUES (2, 'Groonga');
INSERT INTO tags VALUES (3, 'groonga');
INSERT INTO tags VALUES (4, 'PGroonga');
SET enable_seqscan = on;
SET enable_indexscan = off;
SET enable_bitmapscan = off;
SELECT name
  FROM tags
 WHERE name &= 'groonga'
 ORDER BY id;
  name   
---------
 groonga
(1 row)

DROP TABLE tags;
