CREATE TABLE memos (
  content text
);
INSERT INTO memos VALUES ('PostgreSQL is a RDBMS');
INSERT INTO memos VALUES ('Groonga is fast full text search engine');
INSERT INTO memos VALUES ('PGroonga is a PostgreSQL extension that uses Groonga');
SET enable_seqscan = on;
SET enable_indexscan = off;
SET enable_bitmapscan = off;
EXPLAIN (COSTS OFF)
SELECT *
  FROM memos
 WHERE content &~ '';
           QUERY PLAN            
---------------------------------
 Seq Scan on memos
   Filter: (content &~ ''::text)
(2 rows)

SELECT *
  FROM memos
 WHERE content &~ '';
 content 
---------
(0 rows)

DROP TABLE memos;
